C51 COMPILER V9.57.0.0   MAIN                                                              06/16/2020 11:31:24 PAGE 1   


C51 COMPILER V9.57.0.0, COMPILATION OF MODULE MAIN
OBJECT MODULE PLACED IN .\main.obj
COMPILER INVOKED BY: D:\Keil_v5\C51\BIN\C51.EXE ..\src\main.c COMPACT OPTIMIZE(8,SPEED) INCDIR(..\src\bsp) DEBUG OBJECTE
                    -XTEND PRINT(.\list\main.lst) OBJECT(.\main.obj)

line level    source

   1          /*
   2          *********************************************************************************************************
   3          *
   4          *       模块名称 : 主程序
   5          *       文件名称 : main.c
   6          *       版    本 : V1.0
   7          *       说    明 : TM7705读写例程
   8          *       修改记录 :
   9          *               版本号  日期       作者    说明
  10          *               V1.0    2014-04-20 发布1.0版本
  11          *
  12          *       Copyright (C), 2013-2014, 安富莱电子 www.armfly.com
  13          *
  14          *********************************************************************************************************
  15          */
  16          
  17          #include "bsp.h"
  18          
  19          int i,j;
  20          //code char table_1[13]={0x23,0x34,0x45,0x56,0x67,0x78,0x89,0x9a,0xab,0xbc,0xcd,0xde,0xef};
  21          //code char table_2[13]={0x34,0x45,0x56,0x67,0x78,0x89,0x9a,0xab,0xbc,0xcd,0xde,0xef,0xf0};
  22          //code char table_3[13]={0x45,0x56,0x67,0x78,0x89,0x9a,0xab,0xbc,0xcd,0xde,0xef,0xf0,0x01};     
  23          //code char table_4[13]={0x56,0x67,0x78,0x89,0x9a,0xab,0xbc,0xcd,0xde,0xef,0xf0,0x01,0x12};     
  24          //code char table_5[13]={0x67,0x78,0x89,0x9a,0xab,0xbc,0xcd,0xde,0xef,0xf0,0x01,0x12,0x23};     
  25          //code char table_6[13]={0x78,0x89,0x9a,0xab,0xbc,0xcd,0xde,0xef,0xf0,0x01,0x12,0x23,0x34};     
  26          //code char table_7[13]={0x89,0x9a,0xab,0xbc,0xcd,0xde,0xef,0xf0,0x01,0x12,0x23,0x34,0x45};     
  27          //code char table_8[13]={0x9a,0xab,0xbc,0xcd,0xde,0xef,0xf0,0x01,0x12,0x23,0x34,0x45,0x56};     
  28          //code char table_9[13]={0xab,0xbc,0xcd,0xde,0xef,0xf0,0x01,0x12,0x23,0x34,0x45,0x56,0x67};     
  29          //code char table_10[13]={0xbc,0xcd,0xde,0xef,0xf0,0x01,0x12,0x23,0x34,0x45,0x56,0x67,0x78};    
  30          //code char table_11[13]={0xcd,0xde,0xef,0xf0,0x01,0x12,0x23,0x34,0x45,0x56,0x67,0x78,0x89};    
  31          //code char table_12[13]={0xde,0xef,0xf0,0x01,0x12,0x23,0x34,0x45,0x56,0x67,0x78,0x89,0x9a};    
  32          //code char table_13[13]={0xef,0xf0,0x01,0x12,0x23,0x34,0x45,0x56,0x67,0x78,0x89,0x9a,0xab};    
  33          //code char sum[13][13] = {table_1,table_2,table_3,table_4,table_5,table_6,table_7,table_8,table_9,table_1
             -0,table_11,table_12,table_13};
  34          
  35          code char sum_P0[16][13] = {{0x23,0x34,0x45,0x56,0x67,0x78,0x89,0x9a,0xab,0xbc,0xcd,0xde,0xef},
  36                                                                  {0x34,0x45,0x56,0x67,0x78,0x89,0x9a,0xab,0xbc,0xcd,0xde,0xef,0xf0},
  37                                                                  {0x45,0x56,0x67,0x78,0x89,0x9a,0xab,0xbc,0xcd,0xde,0xef,0xf0,0x01},
  38                                                                  {0x56,0x67,0x78,0x89,0x9a,0xab,0xbc,0xcd,0xde,0xef,0xf0,0x01,0x12},
  39                                                                  {0x67,0x78,0x89,0x9a,0xab,0xbc,0xcd,0xde,0xef,0xf0,0x01,0x12,0x23},
  40                                                                  {0x78,0x89,0x9a,0xab,0xbc,0xcd,0xde,0xef,0xf0,0x01,0x12,0x23,0x34},
  41                                                                  {0x89,0x9a,0xab,0xbc,0xcd,0xde,0xef,0xf0,0x01,0x12,0x23,0x34,0x45},
  42                                                                  {0x9a,0xab,0xbc,0xcd,0xde,0xef,0xf0,0x01,0x12,0x23,0x34,0x45,0x56},
  43                                                                  {0xab,0xbc,0xcd,0xde,0xef,0xf0,0x01,0x12,0x23,0x34,0x45,0x56,0x67},
  44                                                                  {0xbc,0xcd,0xde,0xef,0xf0,0x01,0x12,0x23,0x34,0x45,0x56,0x67,0x78},
  45                                                                  {0xcd,0xde,0xef,0xf0,0x01,0x12,0x23,0x34,0x45,0x56,0x67,0x78,0x89},
  46                                                                  {0xde,0xef,0xf0,0x01,0x12,0x23,0x34,0x45,0x56,0x67,0x78,0x89,0x9a},
  47                                                                  {0xef,0xf0,0x01,0x12,0x23,0x34,0x45,0x56,0x67,0x78,0x89,0x9a,0xab},
  48                                                                  {0xf0,0x01,0x12,0x23,0x34,0x45,0x56,0x67,0x78,0x89,0x9a,0xab,0xbc},
  49                                                                  {0x01,0x12,0x23,0x34,0x45,0x56,0x67,0x78,0x89,0x9a,0xab,0xbc,0xcd},
  50                                                                  {0x12,0x23,0x34,0x45,0x56,0x67,0x78,0x89,0x9a,0xab,0xbc,0xcd,0xde}};
  51          
  52          code char sum_P2[16] = {0x01,0x12,0x23,0x34,0x45,0x56,0x67,0x78,0x89,0x9a,0xab,0xbc,0xcd,0xde,0xef,0xf0};
  53          void main()
C51 COMPILER V9.57.0.0   MAIN                                                              06/16/2020 11:31:24 PAGE 2   

  54          {
  55   1              bsp_Init();
  56   1              while(1){
  57   2                      for(j=0;j<16;j++){
  58   3                              for(i=0;i<13;i++){
  59   4                                      bsp_DelayMS(250);
  60   4                                      P0 = sum_P0[j][i];
  61   4                                      P2 = sum_P2[j];
  62   4                                      printf("j:%d-i:-%d=P2:%x=",j,i,P2);
  63   4                                      printf("==P0:%x==\r\n",P0);
  64   4      
  65   4                              }
  66   3                      }
  67   2              }
  68   1      }
  69          


MODULE INFORMATION:   STATIC OVERLAYABLE
   CODE SIZE        =    185    ----
   CONSTANT SIZE    =    254    ----
   XDATA SIZE       =   ----    ----
   PDATA SIZE       =      4    ----
   DATA SIZE        =   ----    ----
   IDATA SIZE       =   ----    ----
   BIT SIZE         =   ----    ----
END OF MODULE INFORMATION.


C51 COMPILATION COMPLETE.  0 WARNING(S),  0 ERROR(S)
